[20:42:42] [ServerMain/INFO]: [bootstrap] Running Java 25 (OpenJDK 64-Bit Server VM 25.0.2+10-Ubuntu-124.04; Ubuntu null) on Linux 6.8.0-1052-azure (amd64)
[20:42:42] [ServerMain/INFO]: [bootstrap] Loading Paper 26.1.2-60-main@b4682bf (2026-05-04T06:25:04Z) for Minecraft 26.1.2
[20:42:42] [ServerMain/INFO]: [PluginInitializerManager] Initializing plugins...
[20:42:43] [ServerMain/INFO]: [PluginInitializerManager] Initialized 2 plugins
[20:42:43] [ServerMain/INFO]: [PluginInitializerManager] Bukkit plugins (2):
 - SkinsRestorer (15.12.0), playit-gg (0.2.0)
[20:42:51] [ServerMain/INFO]: Environment: Environment[sessionHost=https://sessionserver.mojang.com, servicesHost=https://api.minecraftservices.com, profilesHost=https://api.mojang.com, name=PROD]
[20:42:55] [ServerMain/INFO]: Loaded 1515 recipes
[20:42:55] [ServerMain/INFO]: Loaded 1617 advancements
[20:42:55] [ServerMain/INFO]: [ca.spottedleaf.dataconverter.minecraft.datatypes.MCTypeRegistry] Initialising converters for DataConverter...
[20:42:56] [ServerMain/INFO]: [ca.spottedleaf.dataconverter.minecraft.datatypes.MCTypeRegistry] Finished initialising converters for DataConverter in 718.4ms
[20:42:56] [Server thread/INFO]: Starting minecraft server version 26.1.2
[20:42:56] [Server thread/INFO]: Loading properties
[20:42:56] [Server thread/INFO]: This server is running Paper version 26.1.2-60-main@b4682bf (2026-05-04T06:25:04Z) (Implementing API version 26.1.2.build.60-stable)
[20:42:57] [Server thread/INFO]: [spark] This server bundles the spark profiler. For more information please visit https://docs.papermc.io/paper/profiling
[20:42:57] [Server thread/INFO]: Server Ping Player Sample Count: 12
[20:42:57] [Server thread/INFO]: Using 4 threads for Netty based IO
[20:42:58] [Server thread/INFO]: [MoonriseCommon] Paper is using 1 worker threads, 1 I/O threads
[20:42:58] [Server thread/INFO]: Default game type: SURVIVAL
[20:42:58] [Server thread/INFO]: Generating keypair
[20:42:58] [Server thread/INFO]: Starting Minecraft server on *:25565
[20:42:58] [Server thread/INFO]: Paper: Using libdeflate (Linux x86_64) compression from Velocity.
[20:42:58] [Server thread/INFO]: Paper: Using OpenSSL 3.x.x (Linux x86_64) cipher from Velocity.
[20:42:58] [Server thread/INFO]: [playit-gg] Loading server plugin playit-gg v0.2.0
[20:42:58] [Server thread/INFO]: [SkinsRestorer] Loading server plugin SkinsRestorer v15.12.0
[20:42:58] [Server thread/INFO]: Server permissions file permissions.yml is empty, ignoring it
[20:42:58] [Server thread/INFO]: [SkinsRestorer] Enabling SkinsRestorer v15.12.0
[20:43:00] [Server thread/INFO]: [SkinsRestorer] Running on Minecraft 26.1.2.
[20:43:01] [Server thread/INFO]: [SkinsRestorer] Using paper join listener!
[20:43:01] [Server thread/WARN]: **** SERVER IS RUNNING IN OFFLINE/INSECURE MODE!
[20:43:01] [Server thread/WARN]: The server will make no attempt to authenticate usernames. Beware.
[20:43:01] [Server thread/WARN]: While this makes the game possible to play without internet access, it also opens up the ability for hackers to connect with any username they choose.
[20:43:01] [Server thread/WARN]: To change this, set "online-mode" to "true" in the server.properties file.
[20:43:01] [Server thread/INFO]: Preparing level "world"
[20:43:01] [Folia Async Scheduler Thread #1/INFO]: [SkinsRestorer] ----------------------------------------------
[20:43:01] [Folia Async Scheduler Thread #1/INFO]: [SkinsRestorer]     +==================+
[20:43:01] [Folia Async Scheduler Thread #1/INFO]: [SkinsRestorer]     |   SkinsRestorer  |
[20:43:01] [Folia Async Scheduler Thread #1/INFO]: [SkinsRestorer]     |------------------|
[20:43:01] [Folia Async Scheduler Thread #1/INFO]: [SkinsRestorer]     |  Standalone Mode |
[20:43:01] [Folia Async Scheduler Thread #1/INFO]: [SkinsRestorer]     +==================+
[20:43:01] [Folia Async Scheduler Thread #1/INFO]: [SkinsRestorer] ----------------------------------------------
[20:43:01] [Folia Async Scheduler Thread #1/INFO]: [SkinsRestorer]     Version: 15.12.0
[20:43:01] [Folia Async Scheduler Thread #1/INFO]: [SkinsRestorer]     Commit: 2903414
[20:43:01] [Folia Async Scheduler Thread #1/INFO]: [SkinsRestorer]     This is the latest version!
[20:43:01] [Folia Async Scheduler Thread #1/INFO]: [SkinsRestorer] ----------------------------------------------
[20:43:01] [Folia Async Scheduler Thread #1/INFO]: [SkinsRestorer] Do you have issues? Read our troubleshooting guide: https://skinsrestorer.net/docs/troubleshooting
[20:43:01] [Folia Async Scheduler Thread #1/INFO]: [SkinsRestorer] Want to support SkinsRestorer or receive priority support? Become a supporter: https://skinsrestorer.net/pricing
[20:43:02] [Server thread/INFO]: Loading 0 persistent chunks for level 'minecraft:overworld'...
[20:43:02] [Server thread/INFO]: Preparing spawn area: 100%
[20:43:02] [Server thread/INFO]: Prepared spawn area in 3 ms
[20:43:02] [Server thread/INFO]: Loading 0 persistent chunks for level 'minecraft:the_nether'...
[20:43:02] [Server thread/INFO]: Prepared spawn area in 5 ms
[20:43:02] [Server thread/INFO]: Loading 0 persistent chunks for level 'minecraft:the_end'...
[20:43:02] [Server thread/INFO]: Prepared spawn area in 4 ms
[20:43:02] [Server thread/INFO]: Done preparing level "world" (1.061s)
[20:43:02] [Server thread/INFO]: [playit-gg] Enabling playit-gg v0.2.0
[20:43:02] [Thread-8/INFO]: [gg.playit.minecraft.PlayitKeysSetup] secret key found, checking
[20:43:02] [Thread-8/INFO]: [gg.playit.minecraft.PlayitKeysSetup] check secret
[20:43:03] [Server thread/INFO]: [spark] Starting background profiler...
[20:43:04] [Thread-8/INFO]: [gg.playit.minecraft.PlayitKeysSetup] secret verified, ready to connect
[20:43:04] [Thread-8/INFO]: [gg.playit.minecraft.PlayitManager] keys setup complete, ready to connect
[20:43:04] [Server thread/INFO]: Saving chunks for level 'ServerLevel[world]'/minecraft:overworld
[20:43:04] [Server thread/INFO]: Saving chunks for level 'ServerLevel[world]'/minecraft:the_nether
[20:43:04] [Server thread/INFO]: Saving chunks for level 'ServerLevel[world]'/minecraft:the_end
[20:43:04] [Server thread/INFO]: ThreadedAnvilChunkStorage (world): All chunks are saved
[20:43:04] [Server thread/INFO]: ThreadedAnvilChunkStorage (DIM-1): All chunks are saved
[20:43:04] [Server thread/INFO]: ThreadedAnvilChunkStorage (DIM1): All chunks are saved
[20:43:04] [Server thread/INFO]: ThreadedAnvilChunkStorage: All dimensions are saved
[20:43:04] [Server thread/INFO]: Running delayed init tasks
[20:43:04] [Server thread/INFO]: [gg.playit.minecraft.PlayitPipelineInjector] injected playit header decoder into server channel: [id: 0xce0fc02e, L:/[0:0:0:0:0:0:0:0]:25565]
[20:43:04] [Server thread/INFO]: [gg.playit.minecraft.PlayitBukkit] playit header decoder injected into server pipeline
[20:43:04] [Server thread/INFO]: Done (24.641s)! For help, type "help"
[20:43:04] [Thread-8/WARN]: [gg.playit.control.ChannelSetup] Got IO error working with :/[2602:fbaf:804:1:0:0:0:1]:5525, error : java.net.SocketException: Network is unreachable
[20:43:05] [Paper Async Task Handler Thread - 1/INFO]: *** Currently you are 6 build(s) behind ***
[20:43:05] [Paper Async Task Handler Thread - 1/INFO]: *** It is highly recommended to download the latest build from https://papermc.io/downloads/paper ***
[20:43:05] [Thread-8/INFO]: [gg.playit.control.ChannelSetup] request queued, waiting 1 second before resend
[20:43:06] [Thread-8/INFO]: [gg.playit.minecraft.PlayitManager] found minecraft java tunnel: interest-paxil.gl.joinmc.link
[20:43:06] [Thread-8/INFO]: playit.gg: tunnel setup
[20:43:06] [Thread-8/INFO]: playit.gg: interest-paxil.gl.joinmc.link
[20:43:52] [Thread-8/INFO]: [gg.playit.minecraft.PlayitManager] got new client: NewClient{connectAddr=147.185.221.17:28580, peerAddr=200.26.225.227:62070, claimAddress=69.9.177.2:41736, claimToken=[44, 0, 107, -109, -71, -35, 17, 111, -92, -56, 26, -31, -29, -14, 118, 14, 94, -39, 80, -93, 8, 106, 23, 87, -120, 0, 0, 0, 0, 0, 22, 31, -70, 0, 0, 0, 0, 0, 94, 3, 35, 0, 0, 0, 0, 0, 59, 5, -67, 71, 44, -93, 8, 0, 0, 0, 0, 34, 0, 0, 0, 0, 0, 0, 0, 1, 0, 3, 0, 37, 36, 0, -121, 6, 29, 105, 110, 116, 101, 114, 101, 115, 116, 45, 112, 97, 120, 105, 108, 46, 103, 108, 46, 106, 111, 105, 110, 109, 99, 46, 108, 105, 110, 107, 99, -35, 1, -50, -9, -116, 102, -73, -32, 73, 69, 53, 51, -7, -27, -107, -117, 113, -1], tunnelServerId=0, tunnelId=3868093, dataCenterId=34, portOffset=0}
[20:43:52] [Thread-8/INFO]: [gg.playit.minecraft.PlayitManager] starting tcp tunnel for client
[20:43:52] [Thread-8/INFO]: [gg.playit.minecraft.PlayitTcpTunnel] start connection to /69.9.177.2:41736 to claim client
[20:43:52] [nioEventLoopGroup-2-1/INFO]: [gg.playit.minecraft.PlayitTcpTunnel] connected to tunnel server, sending claim token
[20:43:52] [nioEventLoopGroup-2-1/INFO]: [gg.playit.minecraft.PlayitTcpTunnel] claim token sent
[20:43:52] [nioEventLoopGroup-2-1/INFO]: [gg.playit.minecraft.PlayitTcpTunnel] connection to tunnel server has been established
[20:43:52] [nioEventLoopGroup-2-1/INFO]: [gg.playit.minecraft.PlayitTcpTunnel] connecting to minecraft server at localhost/127.0.0.1:25565
[20:43:52] [nioEventLoopGroup-2-2/INFO]: [gg.playit.minecraft.PlayitTcpTunnel] connected to local minecraft server
[20:43:52] [Netty Epoll IO #1/INFO]: [gg.playit.minecraft.PlayitHeaderDecoder] parsed playit header, true client IP: /200.26.225.227:62070
[20:43:52] [Netty Epoll IO #1/INFO]: [gg.playit.minecraft.PlayitHeaderDecoder] updated connection address on handler: packet_handler
[20:44:32] [Thread-8/INFO]: [gg.playit.minecraft.PlayitManager] got new client: NewClient{connectAddr=147.185.221.17:28580, peerAddr=200.26.226.200:27417, claimAddress=69.9.177.2:43784, claimToken=[44, 0, 107, -109, -71, -35, 17, 111, -92, -56, 26, -30, -56, 107, 25, -24, 92, 5, -8, -85, 8, 106, 23, 87, -80, 0, 0, 0, 0, 0, 22, 31, -70, 0, 0, 0, 0, 0, 94, 3, 35, 0, 0, 0, 0, 0, 59, 5, -67, 65, -44, -85, 8, 0, 0, 0, 0, 34, 0, 0, 0, 0, 0, 0, 0, 1, 0, 0, 0, 37, 36, 0, -121, 6, 29, 105, 110, 116, 101, 114, 101, 115, 116, 45, 112, 97, 120, 105, 108, 46, 103, 108, 46, 106, 111, 105, 110, 109, 99, 46, 108, 105, 110, 107, 99, -35, 1, 56, -20, 127, -26, 108, 34, 14, 1, -16, 100, -32, 1, 85, -15, -77, -123], tunnelServerId=0, tunnelId=3868093, dataCenterId=34, portOffset=0}
[20:44:32] [Thread-8/INFO]: [gg.playit.minecraft.PlayitManager] starting tcp tunnel for client
[20:44:32] [Thread-8/INFO]: [gg.playit.minecraft.PlayitTcpTunnel] start connection to /69.9.177.2:43784 to claim client
[20:44:32] [nioEventLoopGroup-2-3/INFO]: [gg.playit.minecraft.PlayitTcpTunnel] connected to tunnel server, sending claim token
[20:44:32] [nioEventLoopGroup-2-3/INFO]: [gg.playit.minecraft.PlayitTcpTunnel] claim token sent
[20:44:32] [nioEventLoopGroup-2-3/INFO]: [gg.playit.minecraft.PlayitTcpTunnel] connection to tunnel server has been established
[20:44:32] [nioEventLoopGroup-2-3/INFO]: [gg.playit.minecraft.PlayitTcpTunnel] connecting to minecraft server at localhost/127.0.0.1:25565
[20:44:32] [nioEventLoopGroup-2-4/INFO]: [gg.playit.minecraft.PlayitTcpTunnel] connected to local minecraft server
[20:44:32] [Netty Epoll IO #2/INFO]: [gg.playit.minecraft.PlayitHeaderDecoder] parsed playit header, true client IP: /200.26.226.200:27417
[20:44:32] [Netty Epoll IO #2/INFO]: [gg.playit.minecraft.PlayitHeaderDecoder] updated connection address on handler: packet_handler
[20:44:35] [Thread-8/INFO]: [gg.playit.minecraft.PlayitManager] got new client: NewClient{connectAddr=147.185.221.17:28580, peerAddr=200.26.226.200:27421, claimAddress=69.9.177.2:43784, claimToken=[44, 0, 106, -109, -71, -35, 17, 111, -92, -56, 26, -30, -56, 107, 29, 73, 94, 98, -45, -85, 8, 106, 23, 87, -77, 0, 0, 0, 0, 0, 22, 31, -70, 0, 0, 0, 0, 0, 94, 3, 35, 0, 0, 0, 0, 0, 59, 5, -67, 86, -80, -85, 8, 0, 0, 0, 0, 34, 0, 0, 0, 0, 0, 0, 0, 1, 0, 2, 0, 36, 35, 0, -121, 6, 28, 105, 110, 116, 101, 114, 101, 115, 116, 45, 112, 97, 120, 105, 108, 46, 103, 108, 46, 97, 116, 46, 112, 108, 121, 46, 103, 103, 46, 111, -92, 2, 66, 97, -127, 2, 71, -84, 49, -17, -124, 84, 92, -67, 4, 29, -76, -105], tunnelServerId=0, tunnelId=3868093, dataCenterId=34, portOffset=0}
[20:44:35] [Thread-8/INFO]: [gg.playit.minecraft.PlayitManager] starting tcp tunnel for client
[20:44:35] [Thread-8/INFO]: [gg.playit.minecraft.PlayitTcpTunnel] start connection to /69.9.177.2:43784 to claim client
[20:44:35] [nioEventLoopGroup-2-1/INFO]: [gg.playit.minecraft.PlayitTcpTunnel] connected to tunnel server, sending claim token
[20:44:35] [nioEventLoopGroup-2-1/INFO]: [gg.playit.minecraft.PlayitTcpTunnel] claim token sent
[20:44:35] [nioEventLoopGroup-2-1/INFO]: [gg.playit.minecraft.PlayitTcpTunnel] connection to tunnel server has been established
[20:44:35] [nioEventLoopGroup-2-1/INFO]: [gg.playit.minecraft.PlayitTcpTunnel] connecting to minecraft server at localhost/127.0.0.1:25565
[20:44:35] [nioEventLoopGroup-2-2/INFO]: [gg.playit.minecraft.PlayitTcpTunnel] connected to local minecraft server
[20:44:35] [Netty Epoll IO #3/INFO]: [gg.playit.minecraft.PlayitHeaderDecoder] parsed playit header, true client IP: /200.26.226.200:27421
[20:44:35] [Netty Epoll IO #3/INFO]: [gg.playit.minecraft.PlayitHeaderDecoder] updated connection address on handler: packet_handler
[20:44:35] [User Authenticator #0/INFO]: UUID of player Pikemaruya is 9983ddaa-0879-3b90-976f-18533e86cd70
[20:44:39] [Server thread/INFO]: Pikemaruya joined the game
[20:44:39] [Server thread/INFO]: Pikemaruya[/200.26.226.200:27421] logged in with entity id 157 at ([minecraft:overworld]-278.4137458102, 108.4375, -458.07499998807907)
[20:47:05] [Thread-8/INFO]: [gg.playit.control.ChannelSetup] send keep alive
[20:51:06] [Thread-8/INFO]: [gg.playit.control.ChannelSetup] send keep alive
[20:55:07] [Thread-8/INFO]: [gg.playit.control.ChannelSetup] send keep alive
[20:59:08] [Thread-8/INFO]: [gg.playit.control.ChannelSetup] send keep alive
[21:03:09] [Thread-8/INFO]: [gg.playit.control.ChannelSetup] send keep alive
[21:05:08] [Server thread/WARN]: Pikemaruya moved wrongly!
[21:07:10] [Thread-8/INFO]: [gg.playit.control.ChannelSetup] send keep alive
[21:11:11] [Thread-8/INFO]: [gg.playit.control.ChannelSetup] send keep alive
[21:15:12] [Thread-8/INFO]: [gg.playit.control.ChannelSetup] send keep alive
[21:19:12] [Thread-8/INFO]: [gg.playit.control.ChannelSetup] send keep alive
[21:23:13] [Thread-8/INFO]: [gg.playit.control.ChannelSetup] send keep alive
[21:27:14] [Thread-8/INFO]: [gg.playit.control.ChannelSetup] send keep alive
